src/navigation/AppNavigator.tsx(4,26): error TS2307: Cannot find module '@expo/vector-icons' or its corresponding type declarations.
src/screens/DialpadScreen.tsx(3,26): error TS2307: Cannot find module '@expo/vector-icons' or its corresponding type declarations.
